1994-01-01,1994-01-01T23:15:30,'1 day, 3:25:45.000001',0.1428571428571428571428571429,\N,0.3333333333333333,123,\N,'Ministry of Silly Walks','12345678-1234-5678-1234-567812345678'
\N,2016-01-01T23:15:30+00:00,'0:00:00',0.1428571428571428571428571429,\N,3.141592653589793,123,\N,'мỉאַîśŧґỷ өƒ Šỉŀłỷ שׂǻĺκŝ','12345678-1234-5678-1234-567812345678'
